// Jest Snapshot v1, https://goo.gl/fbAQLP

exports[`CheckoutComponent should match the snapshot 1`] = `
<lib-checkout
  checkoutForm={[Function Function]}
  items={[Function Function]}
  price={[Function Function]}
  user={[Function Function]}
>
  <div
    class="bg-gray-100 m-10 p-10 rounded"
  >
    <div
      class="flex items-start justify-between gap-8"
    >
      <form
        class="ng-untouched ng-pristine ng-valid"
        novalidate=""
      >
        <div
          class="space-y-12"
        >
          <div
            class="border-b border-gray-900/10 pb-12"
          >
            <h2
              class="text-base font-semibold leading-7 text-gray-900"
            >
              Shipping information
            </h2>
            <div
              class="mt-10 grid grid-cols-1 gap-x-6 gap-y-8 sm:grid-cols-8"
            >
              <div
                class="sm:col-span-4"
              >
                <label
                  class="required block text-sm font-medium leading-6 text-gray-900"
                  for="first-name"
                >
                   First name 
                </label>
                <div
                  class="mt-2"
                >
                  <input
                    autocomplete="given-name"
                    class="block w-full rounded-md border-0 py-1.5 text-gray-900 shadow-sm ring-1 ring-inset ring-gray-300 placeholder:text-gray-400 focus:ring-2 focus:ring-inset focus:ring-indigo-600 sm:text-sm sm:leading-6 ng-untouched ng-pristine ng-valid"
                    formcontrolname="firstname"
                    id="first-name"
                    name="first-name"
                    type="text"
                  />
                </div>
                <lib-form-error
                  class="text-xs text-red-600"
                >
                </lib-form-error>
              </div>
              <div
                class="sm:col-span-4"
              >
                <label
                  class="required block text-sm font-medium leading-6 text-gray-900"
                  for="last-name"
                >
                   Last name 
                </label>
                <div
                  class="mt-2"
                >
                  <input
                    autocomplete="family-name"
                    class="block w-full rounded-md border-0 py-1.5 text-gray-900 shadow-sm ring-1 ring-inset ring-gray-300 placeholder:text-gray-400 focus:ring-2 focus:ring-inset focus:ring-indigo-600 sm:text-sm sm:leading-6 ng-untouched ng-pristine ng-valid"
                    formcontrolname="lastname"
                    id="last-name"
                    name="last-name"
                    type="text"
                  />
                  <lib-form-error
                    class="text-xs text-red-600"
                  >
                  </lib-form-error>
                </div>
              </div>
              <div
                class="sm:col-span-4"
              >
                <label
                  class="required block text-sm font-medium leading-6 text-gray-900"
                  for="email"
                >
                   Email address 
                </label>
                <div
                  class="mt-2"
                >
                  <input
                    autocomplete="email"
                    class="block w-full rounded-md border-0 py-1.5 text-gray-900 shadow-sm ring-1 ring-inset ring-gray-300 placeholder:text-gray-400 focus:ring-2 focus:ring-inset focus:ring-indigo-600 sm:text-sm sm:leading-6 ng-untouched ng-pristine ng-valid"
                    formcontrolname="email"
                    id="email"
                    name="email"
                    type="email"
                  />
                </div>
                <lib-form-error
                  class="text-xs text-red-600"
                >
                </lib-form-error>
              </div>
              <div
                class="sm:col-span-4"
              >
                <label
                  class="required block text-sm font-medium leading-6 text-gray-900"
                  for="phone"
                >
                  Phone
                </label>
                <div
                  class="mt-2"
                >
                  <input
                    autocomplete="phone"
                    class="block w-full rounded-md border-0 py-1.5 text-gray-900 shadow-sm ring-1 ring-inset ring-gray-300 placeholder:text-gray-400 focus:ring-2 focus:ring-inset focus:ring-indigo-600 sm:text-sm sm:leading-6 ng-untouched ng-pristine ng-valid"
                    formcontrolname="phone"
                    id="phone"
                    name="phone"
                  />
                </div>
                <lib-form-error
                  class="text-xs text-red-600"
                >
                </lib-form-error>
              </div>
              <div
                class="sm:col-span-4"
              >
                <label
                  class="required block text-sm font-medium leading-6 text-gray-900"
                  for="country"
                >
                  Country
                </label>
                <div
                  class="mt-2"
                >
                  <select
                    autocomplete="country-name"
                    class="block w-full rounded-md border-0 py-1.5 text-gray-900 shadow-sm ring-1 ring-inset ring-gray-300 focus:ring-2 focus:ring-inset focus:ring-indigo-600 sm:max-w-xs sm:text-sm sm:leading-6 ng-untouched ng-pristine ng-valid"
                    formcontrolname="country"
                    id="country"
                    name="country"
                  >
                    <option>
                      United States
                    </option>
                    <option>
                      Austria
                    </option>
                    <option>
                      Vietnam
                    </option>
                  </select>
                </div>
                <lib-form-error
                  class="text-xs text-red-600"
                >
                </lib-form-error>
              </div>
              <div
                class="col-span-5"
              >
                <label
                  class="required block text-sm font-medium leading-6 text-gray-900"
                  for="street"
                >
                  Street
                </label>
                <div
                  class="mt-2"
                >
                  <input
                    autocomplete="address"
                    class="block w-full rounded-md border-0 py-1.5 text-gray-900 shadow-sm ring-1 ring-inset ring-gray-300 placeholder:text-gray-400 focus:ring-2 focus:ring-inset focus:ring-indigo-600 sm:text-sm sm:leading-6 ng-untouched ng-pristine ng-valid"
                    formcontrolname="street"
                    id="street"
                    name="street"
                    type="text"
                  />
                </div>
              </div>
              <div
                class="col-span-3"
              >
                <label
                  class="required block text-sm font-medium leading-6 text-gray-900"
                  for="apartment"
                >
                   Apartment 
                </label>
                <div
                  class="mt-2"
                >
                  <input
                    autocomplete="apartment"
                    class="block w-full rounded-md border-0 py-1.5 text-gray-900 shadow-sm ring-1 ring-inset ring-gray-300 placeholder:text-gray-400 focus:ring-2 focus:ring-inset focus:ring-indigo-600 sm:text-sm sm:leading-6 ng-untouched ng-pristine ng-valid"
                    formcontrolname="apartment"
                    id="apartment"
                    name="apartment"
                    type="text"
                  />
                </div>
                <lib-form-error
                  class="text-xs text-red-600"
                >
                </lib-form-error>
              </div>
              <div
                class="sm:col-span-3 sm:col-start-1"
              >
                <label
                  class="required block text-sm font-medium leading-6 text-gray-900"
                  for="city"
                >
                  City
                </label>
                <div
                  class="mt-2"
                >
                  <input
                    autocomplete="address-level2"
                    class="block w-full rounded-md border-0 py-1.5 text-gray-900 shadow-sm ring-1 ring-inset ring-gray-300 placeholder:text-gray-400 focus:ring-2 focus:ring-inset focus:ring-indigo-600 sm:text-sm sm:leading-6 ng-untouched ng-pristine ng-valid"
                    formcontrolname="city"
                    id="city"
                    name="city"
                    type="text"
                  />
                </div>
                <lib-form-error
                  class="text-xs text-red-600"
                >
                </lib-form-error>
              </div>
              <div
                class="sm:col-span-3"
              >
                <label
                  class="block text-sm font-medium leading-6 text-gray-900"
                  for="region"
                >
                  State / Province
                </label>
                <div
                  class="mt-2"
                >
                  <input
                    autocomplete="address-level1"
                    class="block w-full rounded-md border-0 py-1.5 text-gray-900 shadow-sm ring-1 ring-inset ring-gray-300 placeholder:text-gray-400 focus:ring-2 focus:ring-inset focus:ring-indigo-600 sm:text-sm sm:leading-6 ng-untouched ng-pristine ng-valid"
                    formcontrolname="region"
                    id="region"
                    name="region"
                    type="text"
                  />
                </div>
              </div>
              <div
                class="sm:col-span-2"
              >
                <label
                  class="required block text-sm font-medium leading-6 text-gray-900"
                  for="zip"
                >
                   ZIP / Postal code 
                </label>
                <div
                  class="mt-2"
                >
                  <input
                    autocomplete="zip"
                    class="block w-full rounded-md border-0 py-1.5 text-gray-900 shadow-sm ring-1 ring-inset ring-gray-300 placeholder:text-gray-400 focus:ring-2 focus:ring-inset focus:ring-indigo-600 sm:text-sm sm:leading-6 ng-untouched ng-pristine ng-valid"
                    formcontrolname="zip"
                    id="zip"
                    name="zip"
                    type="text"
                  />
                </div>
                <lib-form-error
                  class="text-xs text-red-600"
                >
                </lib-form-error>
              </div>
            </div>
          </div>
        </div>
      </form>
      <section>
        <h2
          class="text-lg font-medium text-gray-900"
          id="slide-over-title"
        >
          Order Summary
        </h2>
        <lib-cart-items>
          <div
            class="mt-8"
          >
            <div
              class="flow-root"
            >
              <ul
                class="-my-6 divide-y divide-gray-200"
                role="list"
              >
              </ul>
            </div>
          </div>
        </lib-cart-items>
        <div
          class="border-t border-gray-900/10 mt-12"
        >
          <div
            class="mt-8 flex justify-between"
          >
            <span>
              Total
            </span>
            <span>
              $0.00
            </span>
          </div>
        </div>
        <section>
          <div
            class="mt-16 flex items-center justify-center gap-x-6"
          >
            <button
              class="btn-checkout"
            >
              Checkout
            </button>
          </div>
        </section>
      </section>
    </div>
  </div>
</lib-checkout>
`;
