// Jest Snapshot v1, https://goo.gl/fbAQLP

exports[`OrderListComponent should match the snapshot 1`] = `
<lib-order-list
  MAX_THUMBNAILS={[Function Number]}
  orders={[Function Function]}
  user={[Function Function]}
>
  <div
    class="mx-auto px-8 max-w-5xl"
  >
    <section
      class="py-8"
    >
      <h1
        class="font-bold text-gray-700"
      >
        firstname lastname
      </h1>
      <div
        class="text-xs text-gray-500"
      >
        <p>
          street apartment
        </p>
        <p>
          zip city, region
        </p>
        <p>
          country
        </p>
      </div>
    </section>
    <section>
      <ul
        class="divide-y divide-gray-100"
        role="list"
      >
        <li
          class="flex justify-between gap-x-6 py-5"
        >
          <div
            class="flex min-w-0 gap-x-4"
          >
            <div
              class="min-w-0 flex-auto"
            >
              <p
                class="text-sm font-semibold leading-6 cursor-pointer hover:underline"
                tabindex="0"
              >
                 Order #1 
              </p>
              <div
                class="flex gap-1"
              >
              </div>
            </div>
          </div>
          <div
            class="hidden shrink-0 sm:flex sm:flex-col sm:items-end"
          >
            <p
              class="text-sm leading-6 text-gray-900"
            >
              $0.00
            </p>
            <p
              class="mt-1 text-xs leading-5 text-gray-500"
            >
              <time
                datetime="Wed Jan 1 2020 00:00:00 GMT+0000 (Coordinated Universal Time)"
              >
                Jan 01, 2020
              </time>
            </p>
            <p
              class="rounded-md my-1 px-1 py-0.5 bg-gray-300 border border-slate-900 text-xs"
            >
               Created 
            </p>
          </div>
        </li>
        <li
          class="flex justify-between gap-x-6 py-5"
        >
          <div
            class="flex min-w-0 gap-x-4"
          >
            <div
              class="min-w-0 flex-auto"
            >
              <p
                class="text-sm font-semibold leading-6 cursor-pointer hover:underline"
                tabindex="0"
              >
                 Order #2 
              </p>
              <div
                class="flex gap-1"
              >
              </div>
            </div>
          </div>
          <div
            class="hidden shrink-0 sm:flex sm:flex-col sm:items-end"
          >
            <p
              class="text-sm leading-6 text-gray-900"
            >
              $0.00
            </p>
            <p
              class="mt-1 text-xs leading-5 text-gray-500"
            >
              <time
                datetime="Wed Jan 1 2020 00:00:00 GMT+0000 (Coordinated Universal Time)"
              >
                Jan 01, 2020
              </time>
            </p>
            <p
              class="rounded-md my-1 px-1 py-0.5 bg-gray-300 border border-slate-900 text-xs"
            >
               Created 
            </p>
          </div>
        </li>
      </ul>
    </section>
  </div>
</lib-order-list>
`;
