// Jest Snapshot v1, https://goo.gl/fbAQLP

exports[`OrderListComponent should match the snapshot 1`] = `
<lib-order-list
  MAX_THUMBNAILS={[Function Number]}
  orders={[Function Function]}
  user={[Function Function]}
>
  <div
    class="mx-auto px-8 max-w-7xl"
  >
    <section
      class="py-8 top-16 sticky z-10 bg-white border-b-2 border-gray-100"
    >
      <h1
        class="font-bold text-gray-700"
      >
        firstname lastname
      </h1>
      <div
        class="text-xs text-gray-500"
      >
        <p>
          street apartment
        </p>
        <p>
          zip city, region
        </p>
        <p>
          country
        </p>
      </div>
    </section>
    <section>
      <ul
        class="divide-y divide-gray-100"
      >
        <li
          class="relative flex flex-col sm:flex-row justify-between gap-x-6 py-5 px-5 cursor-pointer hover:bg-slate-50"
          tabindex="0"
        >
          <lib-order-status
            class="rounded-lg px-4 py-1.5 max-w-28 text-center text-white border border-slate-300 text-xs absolute right-5 top-5 bg-orange-500"
          >
            Created
          </lib-order-status>
          <div
            class="flex min-w-0 gap-x-3"
          >
            <div
              class="min-w-0 flex-auto"
            >
              <p
                class="text-xl mb-4 font-semibold hover:underline"
              >
                Order #1
              </p>
              <div
                class="flex gap-4"
              >
              </div>
            </div>
          </div>
          <div
            class="flex flex-col mt-4 sm:items-end sm:justify-end gap-1"
          >
            <p
              class="text-sm leading-none text-gray-900"
            >
              $0.00
            </p>
            <lib-date-time
              class="text-xs leading-none text-gray-500"
            >
              <time
                datetime="Wed Jan 1 2020 00:00:00 GMT+0000 (Coordinated Universal Time)"
              >
                Jan 01, 2020
              </time>
            </lib-date-time>
          </div>
        </li>
        <li
          class="relative flex flex-col sm:flex-row justify-between gap-x-6 py-5 px-5 cursor-pointer hover:bg-slate-50"
          tabindex="0"
        >
          <lib-order-status
            class="rounded-lg px-4 py-1.5 max-w-28 text-center text-white border border-slate-300 text-xs absolute right-5 top-5 bg-orange-500"
          >
            Created
          </lib-order-status>
          <div
            class="flex min-w-0 gap-x-3"
          >
            <div
              class="min-w-0 flex-auto"
            >
              <p
                class="text-xl mb-4 font-semibold hover:underline"
              >
                Order #2
              </p>
              <div
                class="flex gap-4"
              >
              </div>
            </div>
          </div>
          <div
            class="flex flex-col mt-4 sm:items-end sm:justify-end gap-1"
          >
            <p
              class="text-sm leading-none text-gray-900"
            >
              $0.00
            </p>
            <lib-date-time
              class="text-xs leading-none text-gray-500"
            >
              <time
                datetime="Wed Jan 1 2020 00:00:00 GMT+0000 (Coordinated Universal Time)"
              >
                Jan 01, 2020
              </time>
            </lib-date-time>
          </div>
        </li>
      </ul>
    </section>
  </div>
</lib-order-list>
`;
